[0m16:33:12.476729 [debug] [MainThread]: Sending event: {'category': 'dbt', 'action': 'invocation', 'label': 'start', 'context': [<snowplow_tracker.self_describing_json.SelfDescribingJson object at 0x10ae8d940>, <snowplow_tracker.self_describing_json.SelfDescribingJson object at 0x10c01f9d0>, <snowplow_tracker.self_describing_json.SelfDescribingJson object at 0x10c01f890>]}


============================== 16:33:12.479628 | 601219d3-d968-4243-ab96-e570259fab3b ==============================
[0m16:33:12.479628 [info ] [MainThread]: Running with dbt=1.11.11
[0m16:33:12.479931 [debug] [MainThread]: running dbt with arguments {'cache_selected_only': 'False', 'write_json': 'True', 'version_check': 'True', 'warn_error_options': 'WarnErrorOptionsV2(error=[], warn=[], silence=[])', 'log_format': 'default', 'invocation_command': 'dbt init f1_gold', 'use_experimental_parser': 'False', 'send_anonymous_usage_stats': 'True', 'printer_width': '80', 'indirect_selection': 'eager', 'target_path': 'None', 'quiet': 'False', 'partial_parse': 'True', 'static_parser': 'True', 'profiles_dir': '/Users/saipavanrambhatla/.dbt', 'log_cache_events': 'False', 'empty': 'None', 'warn_error': 'None', 'no_print': 'None', 'introspect': 'True', 'debug': 'False', 'log_path': 'logs', 'use_colors': 'True', 'fail_fast': 'False'}
[0m16:33:12.489167 [debug] [MainThread]: Starter project path: /Users/saipavanrambhatla/Desktop/F1 Project/.venv/lib/python3.13/site-packages/dbt/include/starter_project
[0m16:33:12.494305 [info ] [MainThread]: 
Your new dbt project "f1_gold" was created!

For more information on how to configure the profiles.yml file,
please consult the dbt documentation here:

  https://docs.getdbt.com/docs/configure-your-profile

One more thing:

Need help? Don't hesitate to reach out to us via GitHub issues or on Slack:

  https://community.getdbt.com/

Happy modeling!

[0m16:33:12.494512 [info ] [MainThread]: Setting up your profile.
[0m16:33:19.241782 [debug] [MainThread]: Resource report: {"command_name": "init", "command_success": true, "command_wall_clock_time": 6.8084073, "process_in_blocks": "0", "process_kernel_time": 0.175301, "process_mem_max_rss": "134135808", "process_out_blocks": "0", "process_user_time": 0.769027}
[0m16:33:19.242260 [debug] [MainThread]: Command `dbt init` succeeded at 16:33:19.242205 after 6.81 seconds
[0m16:33:19.242460 [debug] [MainThread]: Sending event: {'category': 'dbt', 'action': 'invocation', 'label': 'end', 'context': [<snowplow_tracker.self_describing_json.SelfDescribingJson object at 0x10c045a70>, <snowplow_tracker.self_describing_json.SelfDescribingJson object at 0x10b2d5fd0>, <snowplow_tracker.self_describing_json.SelfDescribingJson object at 0x10c0aa7a0>]}
[0m16:33:19.242689 [debug] [MainThread]: Flushing usage events
[0m16:33:19.648572 [debug] [MainThread]: An error was encountered while trying to flush usage events
